12:34:36 **** Auto Build of configuration Debug for project videodemo ****
make all 
'Building file: ../src/video_demo.c'
'Invoking: MicroBlaze gcc compiler'
mb-gcc -Wall -O0 -g3 -c -fmessage-length=0 -MT"src/video_demo.o" -I../../videodemo_bsp/microblaze_0/include -mlittle-endian -mxl-barrel-shift -mxl-pattern-compare -mno-xl-soft-div -mcpu=v10.0 -mno-xl-soft-mul -mxl-multiply-high -mhard-float -mxl-float-convert -mxl-float-sqrt -Wl,--no-relax -MMD -MP -MF"src/video_demo.d" -MT"src/video_demo.o" -o "src/video_demo.o" "../src/video_demo.c"
../src/video_demo.c:91:19: warning: initialization makes pointer from integer without a cast [-Wint-conversion]
 int * BaseAdddr = 0x82000014;
                   ^~~~~~~~~~
../src/video_demo.c:92:20: warning: initialization makes pointer from integer without a cast [-Wint-conversion]
 int * BaseAdddra = 0x83000014;
                    ^~~~~~~~~~
../src/video_demo.c:93:21: warning: initialization makes pointer from integer without a cast [-Wint-conversion]
 int * BaseAdddrza = 0x84000014;
                     ^~~~~~~~~~
../src/video_demo.c:94:21: warning: initialization makes pointer from integer without a cast [-Wint-conversion]
 int * BaseAdddrpf = 0x85000008;
                     ^~~~~~~~~~
../src/video_demo.c:95:15: warning: initialization makes pointer from integer without a cast [-Wint-conversion]
 int * Paddr = 0x44A80000;
               ^~~~~~~~~~
../src/video_demo.c:96:19: warning: initialization makes pointer from integer without a cast [-Wint-conversion]
 int * Paddrread = 0x44A80004;
                   ^~~~~~~~~~
../src/video_demo.c:97:15: warning: initialization makes pointer from integer without a cast [-Wint-conversion]
 int * Maddr = 0x44A70000;
               ^~~~~~~~~~
../src/video_demo.c:98:19: warning: initialization makes pointer from integer without a cast [-Wint-conversion]
 int * Maddrread = 0x44A70004;
                   ^~~~~~~~~~
../src/video_demo.c:99:18: warning: initialization makes pointer from integer without a cast [-Wint-conversion]
 int * Paddrsee = 0x86000000;
                  ^~~~~~~~~~
../src/video_demo.c: In function 'Freq':
../src/video_demo.c:921:9: warning: unused variable 'fff' [-Wunused-variable]
     int fff;
         ^~~
../src/video_demo.c:920:9: warning: unused variable 'ff' [-Wunused-variable]
     int ff;
         ^~
../src/video_demo.c:919:14: warning: unused variable 'ymin' [-Wunused-variable]
     int ymax,ymin;
              ^~~~
../src/video_demo.c:919:9: warning: unused variable 'ymax' [-Wunused-variable]
     int ymax,ymin;
         ^~~~
../src/video_demo.c:918:9: warning: unused variable 'ytry' [-Wunused-variable]
     int ytry;
         ^~~~
../src/video_demo.c:917:9: warning: unused variable 'tryy' [-Wunused-variable]
     int tryy;
         ^~~~
../src/video_demo.c:916:15: warning: unused variable 'yycoi' [-Wunused-variable]
     u32 xxcoi,yycoi;
               ^~~~~
../src/video_demo.c:916:9: warning: unused variable 'xxcoi' [-Wunused-variable]
     u32 xxcoi,yycoi;
         ^~~~~
../src/video_demo.c:915:12: warning: unused variable 'k' [-Wunused-variable]
     int qq,k;
            ^
../src/video_demo.c:911:6: warning: unused variable 'lineStart' [-Wunused-variable]
  u32 lineStart = 0;
      ^~~~~~~~~
../src/video_demo.c:910:14: warning: unused variable 'ycoiiii' [-Wunused-variable]
  u32 xcoiiii,ycoiiii;
              ^~~~~~~
../src/video_demo.c:910:6: warning: unused variable 'xcoiiii' [-Wunused-variable]
  u32 xcoiiii,ycoiiii;
      ^~~~~~~
../src/video_demo.c:909:13: warning: unused variable 'ycoiii' [-Wunused-variable]
  u32 xcoiii,ycoiii;
             ^~~~~~
../src/video_demo.c:909:6: warning: unused variable 'xcoiii' [-Wunused-variable]
  u32 xcoiii,ycoiii;
      ^~~~~~
../src/video_demo.c:908:12: warning: unused variable 'ycoii' [-Wunused-variable]
  u32 xcoii,ycoii;
            ^~~~~
../src/video_demo.c:908:6: warning: unused variable 'xcoii' [-Wunused-variable]
  u32 xcoii,ycoii;
      ^~~~~
../src/video_demo.c:907:16: warning: unused variable 'rrry' [-Wunused-variable]
  u32 rrrr,rrrx,rrry;
                ^~~~
../src/video_demo.c:907:11: warning: unused variable 'rrrx' [-Wunused-variable]
  u32 rrrr,rrrx,rrry;
           ^~~~
../src/video_demo.c:907:6: warning: unused variable 'rrrr' [-Wunused-variable]
  u32 rrrr,rrrx,rrry;
      ^~~~
../src/video_demo.c:905:12: warning: unused variable 'ry' [-Wunused-variable]
  u32 rr,rx,ry;
            ^~
../src/video_demo.c:905:9: warning: unused variable 'rx' [-Wunused-variable]
  u32 rr,rx,ry;
         ^~
../src/video_demo.c:905:6: warning: unused variable 'rr' [-Wunused-variable]
  u32 rr,rx,ry;
      ^~
../src/video_demo.c: In function 'Amp':
../src/video_demo.c:988:14: warning: unused variable 'ymin' [-Wunused-variable]
     int ymax,ymin;
              ^~~~
../src/video_demo.c:988:9: warning: unused variable 'ymax' [-Wunused-variable]
     int ymax,ymin;
         ^~~~
../src/video_demo.c:987:6: warning: unused variable 'ytry' [-Wunused-variable]
  int ytry;
      ^~~~
../src/video_demo.c:986:6: warning: unused variable 'tryy' [-Wunused-variable]
  int tryy;
      ^~~~
../src/video_demo.c:985:12: warning: unused variable 'yycoi' [-Wunused-variable]
  u32 xxcoi,yycoi;
            ^~~~~
../src/video_demo.c:985:6: warning: unused variable 'xxcoi' [-Wunused-variable]
  u32 xxcoi,yycoi;
      ^~~~~
../src/video_demo.c:984:9: warning: unused variable 'k' [-Wunused-variable]
  int qq,k;
         ^
../src/video_demo.c:980:12: warning: variable 'ycoii' set but not used [-Wunused-but-set-variable]
  u32 xcoii,ycoii;
            ^~~~~
../src/video_demo.c:980:6: warning: variable 'xcoii' set but not used [-Wunused-but-set-variable]
  u32 xcoii,ycoii;
      ^~~~~
../src/video_demo.c: In function 'ZAmp':
../src/video_demo.c:1064:14: warning: unused variable 'ymin' [-Wunused-variable]
     int ymax,ymin;
              ^~~~
../src/video_demo.c:1064:9: warning: unused variable 'ymax' [-Wunused-variable]
     int ymax,ymin;
         ^~~~
../src/video_demo.c:1063:6: warning: unused variable 'ytry' [-Wunused-variable]
  int ytry;
      ^~~~
../src/video_demo.c:1062:6: warning: unused variable 'tryy' [-Wunused-variable]
  int tryy;
      ^~~~
../src/video_demo.c:1061:12: warning: unused variable 'yycoi' [-Wunused-variable]
  u32 xxcoi,yycoi;
            ^~~~~
../src/video_demo.c:1061:6: warning: unused variable 'xxcoi' [-Wunused-variable]
  u32 xxcoi,yycoi;
      ^~~~~
../src/video_demo.c:1060:9: warning: unused variable 'k' [-Wunused-variable]
  int qq,k;
         ^
../src/video_demo.c:1056:12: warning: variable 'ycoii' set but not used [-Wunused-but-set-variable]
  u32 xcoii,ycoii;
            ^~~~~
../src/video_demo.c:1056:6: warning: variable 'xcoii' set but not used [-Wunused-but-set-variable]
  u32 xcoii,ycoii;
      ^~~~~
'Finished building: ../src/video_demo.c'
' '
'Building target: videodemo.elf'
'Invoking: MicroBlaze gcc linker'
mb-gcc -Wl,-T -Wl,../src/lscript.ld -L../../videodemo_bsp/microblaze_0/lib -mlittle-endian -mxl-barrel-shift -mxl-pattern-compare -mno-xl-soft-div -mcpu=v10.0 -mno-xl-soft-mul -mxl-multiply-high -mhard-float -mxl-float-convert -mxl-float-sqrt -Wl,--no-relax -o "videodemo.elf"  ./src/video_capture/video_capture.o  ./src/timer_ps/timer_ps.o  ./src/intc/intc.o  ./src/dynclk/dynclk.o  ./src/display_ctrl/display_ctrl.o  ./src/video_demo.o   -Wl,--start-group,-lxil,-lgcc,-lc,--end-group
'Finished building target: videodemo.elf'
' '
'Invoking: MicroBlaze Print Size'
mb-size videodemo.elf  |tee "videodemo.elf.size"
   text	   data	    bss	    dec	    hex	filename
 119804	   2000	18796908	18918712	120ad38	videodemo.elf
'Finished building: videodemo.elf.size'
' '

12:34:39 Build Finished (took 3s.475ms)

