#-----------------------------------------------------------
# Vivado v2017.4 (64-bit)
# SW Build 2086221 on Fri Dec 15 20:55:39 MST 2017
# IP Build 2085800 on Fri Dec 15 22:25:07 MST 2017
# Start of session at: Sun Mar 25 21:12:09 2018
# Process ID: 9464
# Current directory: D:/AlienWare/Course/ECE532/MileStone8/MileStone7/Nexys-Video-HDMI/proj
# Command line: vivado.exe -gui_launcher_event rodinguilauncherevent9728 D:\AlienWare\Course\ECE532\MileStone8\MileStone7\Nexys-Video-HDMI\proj\HDMI.xpr
# Log file: D:/AlienWare/Course/ECE532/MileStone8/MileStone7/Nexys-Video-HDMI/proj/vivado.log
# Journal file: D:/AlienWare/Course/ECE532/MileStone8/MileStone7/Nexys-Video-HDMI/proj\vivado.jou
#-----------------------------------------------------------
start_gui
open_project D:/AlienWare/Course/ECE532/MileStone8/MileStone7/Nexys-Video-HDMI/proj/HDMI.xpr
update_compile_order -fileset sources_1
launch_sdk -workspace D:/AlienWare/Course/ECE532/MileStone8/MileStone7/Nexys-Video-HDMI/proj/HDMI.sdk -hwspec D:/AlienWare/Course/ECE532/MileStone8/MileStone7/Nexys-Video-HDMI/proj/HDMI.sdk/hdmi_wrapper.hdf
open_hw
connect_hw_server
open_hw_target
set_property PROGRAM.FILE {D:/AlienWare/Course/ECE532/MileStone8/MileStone7/Nexys-Video-HDMI/proj/HDMI.runs/impl_1/hdmi_wrapper.bit} [get_hw_devices xc7a200t_0]
current_hw_device [get_hw_devices xc7a200t_0]
refresh_hw_device -update_hw_probes false [lindex [get_hw_devices xc7a200t_0] 0]
set_property PROBES.FILE {} [get_hw_devices xc7a200t_0]
set_property FULL_PROBES.FILE {} [get_hw_devices xc7a200t_0]
set_property PROGRAM.FILE {D:/AlienWare/Course/ECE532/MileStone8/MileStone7/Nexys-Video-HDMI/proj/HDMI.runs/impl_1/hdmi_wrapper.bit} [get_hw_devices xc7a200t_0]
program_hw_devices [get_hw_devices xc7a200t_0]
refresh_hw_device [lindex [get_hw_devices xc7a200t_0] 0]
